// Jest Snapshot v1, https://goo.gl/fbAQLP

exports[`WindContainer component tests snapshot with a spinner 1`] = `
<div
  class="wind__section wind-section test-class"
  data-testid="wind"
>
  <div
    aria-label="loading spinner"
    class="spinner "
    style="--size: 246px;"
    title="loading spinner"
  >
    <div
      class="spinner__ring"
      style="--ring-size: 196.8px;"
    />
    <div
      class="spinner__ring"
      style="--ring-size: 196.8px;"
    />
    <div
      class="spinner__ring"
      style="--ring-size: 196.8px;"
    />
    <div
      class="spinner__ring"
      style="--ring-size: 196.8px;"
    />
  </div>
</div>
`;

exports[`WindContainer component tests snapshot with mock data 1`] = `
<div
  class="wind__section wind-section test-class"
  data-testid="wind"
>
  <div
    class="wind "
    data-testid=""
  >
    <h3
      class="wind__title"
    >
      Ветер
    </h3>
    <div
      class="wind__content"
    >
      <svg
        class="wind__icon"
        fill="none"
        viewBox=" 0 0 850 850"
        xmlns="http://www.w3.org/2000/svg"
      >
        <path
          clip-rule="evenodd"
          d="M464.387 409.738c7.981-9.277 12.804-21.348 12.804-34.546 0-29.271-23.729-53-53-53s-53 23.729-53 53a52.769 52.769 0 0 0 10.626 31.84l-28.143 31.105-1.441 1.593-.208 2.138-29.964 307.63h-34.567v13h274.5v-13h-34.066l-29.964-307.63-.209-2.138-1.441-1.593-28.5-31.5-3.427 3.101Zm-5.953 5.909a52.787 52.787 0 0 1-34.243 12.545 52.781 52.781 0 0 1-33.325-11.785l-26.111 28.859-29.633 304.232h179.744l-29.633-304.232-26.799-29.619Z"
          fill="currentColor"
          fill-rule="evenodd"
        />
        <path
          class="wind__blades"
          clip-rule="evenodd"
          d="m710.884 169.192-4.597 4.596-4 4-146.999 147-1.5 1.5-4.597 4.596-4.596-4.596-72-72-4.596-4.596 4.596-4.596 2-2 118-118 32.5-32.5L629.691 88l4.597 4.596 12.499 12.5 59.5 59.5 4.597 4.596Zm-18.385 0-54.904-54.903-7.904-7.904-27.903 27.903-115.404 115.404 62.807 62.808 143.308-143.308ZM344.788 462.788l.193-.193.5.5 79.211-79.211 79.903 79.904.25-.25.053.053 9.193-9.193-79.957-79.956 79.154-79.154-9.193-9.192-.807.807-.5-.5-78.346 78.346-78.154-78.153-9.192 9.192 2.057 2.057-.25.25 76.096 76.097-79.403 79.403 9.192 9.193ZM138 579.691l4.596-4.596 4-4 147-146.999 1.5-1.5 4.596-4.597 4.596 4.597 72 71.999 4.596 4.597-4.596 4.596-2 2-118 117.999-32.5 32.5-4.596 4.597-4.596-4.597-12.5-12.5-59.5-59.499-4.596-4.597Zm18.385 0 54.903 54.904 7.904 7.904 27.904-27.904L362.5 499.192l-62.808-62.808-143.307 143.307ZM220.192 89l4.596 4.596 4 4 147 147 1.5 1.5 4.596 4.596-4.596 4.596-72 72-4.596 4.596-4.596-4.596-2-2-118-118-32.5-32.5-4.596-4.596 4.596-4.596 12.5-12.5 59.5-59.5L220.192 89Zm0 18.385-54.903 54.903-7.904 7.904 27.903 27.904L300.692 313.5l62.808-62.808-143.308-143.307Zm410.499 553.999-4.596-4.597-4-4-147-146.999-1.5-1.5-4.596-4.596 4.596-4.597 72-71.999 4.596-4.597 4.597 4.597 2 2 117.999 117.999 32.5 32.5 4.597 4.596-4.597 4.597-12.5 12.5-59.499 59.499-4.597 4.597Zm0-18.385 54.904-54.904 7.904-7.904-27.904-27.903-115.404-115.404-62.807 62.808 143.307 143.307Z"
          fill="currentColor"
          fill-rule="evenodd"
        />
      </svg>
      <div
        class="wind__text"
      >
        <p
          class="wind__speed"
        >
          Скорость:
           
          1.64
          м/с
        </p>
        <p
          class="wind__direction"
        >
          Направление:
           
          Юго-восток
        </p>
      </div>
    </div>
  </div>
</div>
`;

exports[`WindContainer component tests snapshot with mock error 1`] = `
<div
  class="wind__section wind-section test-class"
  data-testid="wind"
>
  <div
    class="error-info  "
    data-testid=""
    role="alert"
  >
    <h3
      class="error-info__description"
    >
      Не удалось загрузить данные о ветре
    </h3>
  </div>
</div>
`;

exports[`WindContainer component tests snapshot without anything 1`] = `
<div
  class="wind__section wind-section test-class"
  data-testid="wind"
/>
`;
